{
  "seller": "ОБЩЕСТВО С ОГРАНИЧЕННОЙ ОТВЕТСТВЕННОСТЬЮ \"ВКУСВИЛЛ\"",
  "sum": 339,
  "items": [
    {
      "name": "Сыр козий \"Валансе\" с белой плесенью в золе,шт",
      "price": 339,
      "sum": 339,
      "quantity": 1
    }
  ],
    "date": "2021-05-12T09:05:00"
}
